Component: ARM Compiler 5.06 update 5 (build 528) Tool: armlink [4d35e2]

==============================================================================

Section Cross References

    startup_stm32f10x_hd.o(RESET) refers to startup_stm32f10x_hd.o(STACK) for __initial_sp
    startup_stm32f10x_hd.o(RESET) refers to startup_stm32f10x_hd.o(.text) for Reset_Handler
    startup_stm32f10x_hd.o(RESET) refers to stm32f10x_it.o(.text) for NMI_Handler
    startup_stm32f10x_hd.o(RESET) refers to bsp_key.o(.text) for EXTI0_IRQHandler
    startup_stm32f10x_hd.o(RESET) refers to bsp_usart.o(.text) for USART2_IRQHandler
    startup_stm32f10x_hd.o(RESET) refers to pid.o(.text) for TIM6_IRQHandler
    startup_stm32f10x_hd.o(.text) refers to system_stm32f10x.o(.text) for SystemInit
    startup_stm32f10x_hd.o(.text) refers to entry.o(.ARM.Collect$$$$00000000) for __main
    system_stm32f10x.o(.text) refers to system_stm32f10x.o(.data) for SystemCoreClock
    stm32f10x_adc.o(.text) refers to stm32f10x_rcc.o(.text) for RCC_APB2PeriphResetCmd
    stm32f10x_bkp.o(.text) refers to stm32f10x_rcc.o(.text) for RCC_BackupResetCmd
    stm32f10x_can.o(.text) refers to stm32f10x_rcc.o(.text) for RCC_APB1PeriphResetCmd
    stm32f10x_cec.o(.text) refers to stm32f10x_rcc.o(.text) for RCC_APB1PeriphResetCmd
    stm32f10x_dac.o(.text) refers to stm32f10x_rcc.o(.text) for RCC_APB1PeriphResetCmd
    stm32f10x_gpio.o(.text) refers to stm32f10x_rcc.o(.text) for RCC_APB2PeriphResetCmd
    stm32f10x_i2c.o(.text) refers to stm32f10x_rcc.o(.text) for RCC_APB1PeriphResetCmd
    stm32f10x_pwr.o(.text) refers to stm32f10x_rcc.o(.text) for RCC_APB1PeriphResetCmd
    stm32f10x_rcc.o(.text) refers to stm32f10x_rcc.o(.data) for APBAHBPrescTable
    stm32f10x_spi.o(.text) refers to stm32f10x_rcc.o(.text) for RCC_APB2PeriphResetCmd
    stm32f10x_tim.o(.text) refers to stm32f10x_rcc.o(.text) for RCC_APB2PeriphResetCmd
    stm32f10x_usart.o(.text) refers to stm32f10x_rcc.o(.text) for RCC_APB2PeriphResetCmd
    stm32f10x_wwdg.o(.text) refers to stm32f10x_rcc.o(.text) for RCC_APB1PeriphResetCmd
    main.o(.text) refers to app.o(.text) for app_task0
    bsp_led.o(.text) refers to stm32f10x_rcc.o(.text) for RCC_APB2PeriphClockCmd
    bsp_led.o(.text) refers to stm32f10x_gpio.o(.text) for GPIO_Init
    bsp_beep.o(.text) refers to stm32f10x_rcc.o(.text) for RCC_APB2PeriphClockCmd
    bsp_beep.o(.text) refers to stm32f10x_gpio.o(.text) for GPIO_Init
    bsp_key.o(.text) refers to misc.o(.text) for NVIC_Init
    bsp_key.o(.text) refers to stm32f10x_rcc.o(.text) for RCC_APB2PeriphClockCmd
    bsp_key.o(.text) refers to stm32f10x_gpio.o(.text) for GPIO_Init
    bsp_key.o(.text) refers to stm32f10x_exti.o(.text) for EXTI_Init
    bsp_key.o(.text) refers to bsp_key.o(.data) for key1_val
    bsp_usart.o(.text) refers to misc.o(.text) for NVIC_Init
    bsp_usart.o(.text) refers to stm32f10x_rcc.o(.text) for RCC_APB2PeriphClockCmd
    bsp_usart.o(.text) refers to stm32f10x_gpio.o(.text) for GPIO_Init
    bsp_usart.o(.text) refers to stm32f10x_usart.o(.text) for USART_Init
    bsp_usart.o(.text) refers to communication_protocol.o(.text) for Yaw_RecvArray_Process
    bsp_usart.o(.text) refers to motor.o(.text) for Forward
    bsp_usart.o(.text) refers to printfa.o(i.__0printf) for __2printf
    bsp_usart.o(.text) refers to bsp_usart.o(.data) for flag_seq_yaw
    bsp_usart.o(.text) refers to bsp_usart.o(.bss) for yaw_recv_buff
    bsp_delay.o(.text) refers to misc.o(.text) for SysTick_CLKSourceConfig
    bsp_delay.o(.text) refers to system_stm32f10x.o(.data) for SystemCoreClock
    bsp_delay.o(.text) refers to bsp_delay.o(.data) for fac_us
    app.o(.text) refers to motor.o(.text) for L_Translation
    app.o(.text) refers to bsp_delay.o(.text) for Delay_ms
    app.o(.text) refers to misc.o(.text) for NVIC_PriorityGroupConfig
    app.o(.text) refers to bsp_gpioremap.o(.text) for GpioRemap_init
    app.o(.text) refers to bsp_led.o(.text) for LED_GPIO_Config
    app.o(.text) refers to bsp_beep.o(.text) for BEEP_GPIO_Config
    app.o(.text) refers to bsp_key.o(.text) for Key_GPIO_Config
    app.o(.text) refers to bsp_usart.o(.text) for UART5_Config
    app.o(.text) refers to stm32f10x_gpio.o(.text) for GPIO_SetBits
    app.o(.text) refers to servo.o(.text) for SERVO_TIM_Init
    app.o(.text) refers to encoder.o(.text) for Encoder_Init_TIM2
    app.o(.text) refers to pid.o(.text) for PID_timebase_init
    app.o(.text) refers to oled.o(.text) for OLED_Init
    app.o(.text) refers to stm32f10x_usart.o(.text) for USART_ITConfig
    app.o(.text) refers to pid.o(.data) for A_j
    bsp_adc.o(.text) refers to stm32f10x_rcc.o(.text) for RCC_APB2PeriphClockCmd
    bsp_adc.o(.text) refers to stm32f10x_gpio.o(.text) for GPIO_Init
    bsp_adc.o(.text) refers to stm32f10x_dma.o(.text) for DMA_DeInit
    bsp_adc.o(.text) refers to stm32f10x_adc.o(.text) for ADC_Init
    bsp_adc.o(.text) refers to bsp_adc.o(.data) for ADC_ConvertedValue
[...]
    ../mathlib/cos_i.c                       0x00000000   Number         0  cos_i.o ABSOLUTE
    ../mathlib/dunder.c                      0x00000000   Number         0  dunder.o ABSOLUTE
    ../mathlib/fpclassify.c                  0x00000000   Number         0  fpclassify.o ABSOLUTE
    ../mathlib/poly.c                        0x00000000   Number         0  poly.o ABSOLUTE
    ../mathlib/rred.c                        0x00000000   Number         0  rred.o ABSOLUTE
    ../mathlib/sin.c                         0x00000000   Number         0  sin_x.o ABSOLUTE
    ../mathlib/sin.c                         0x00000000   Number         0  sin.o ABSOLUTE
    ../mathlib/sin_i.c                       0x00000000   Number         0  sin_i_x.o ABSOLUTE
    ../mathlib/sin_i.c                       0x00000000   Number         0  sin_i.o ABSOLUTE
    ../mathlib/sqrt.c                        0x00000000   Number         0  sqrt.o ABSOLUTE
    ../mathlib/sqrt.c                        0x00000000   Number         0  sqrt_x.o ABSOLUTE
    ../mathlib/sqrtf.c                       0x00000000   Number         0  sqrtf_x.o ABSOLUTE
    ../mathlib/sqrtf.c                       0x00000000   Number         0  sqrtf.o ABSOLUTE
    ..\..\Libraries\CMSIS\core_cm3.c         0x00000000   Number         0  core_cm3.o ABSOLUTE
    ..\..\Libraries\CMSIS\startup\startup_stm32f10x_hd.s 0x00000000   Number         0  startup_stm32f10x_hd.o ABSOLUTE
    ..\..\Libraries\CMSIS\system_stm32f10x.c 0x00000000   Number         0  system_stm32f10x.o ABSOLUTE
    ..\..\Libraries\FWlib\src\misc.c         0x00000000   Number         0  misc.o ABSOLUTE
    ..\..\Libraries\FWlib\src\stm32f10x_adc.c 0x00000000   Number         0  stm32f10x_adc.o ABSOLUTE
    ..\..\Libraries\FWlib\src\stm32f10x_bkp.c 0x00000000   Number         0  stm32f10x_bkp.o ABSOLUTE
    ..\..\Libraries\FWlib\src\stm32f10x_can.c 0x00000000   Number         0  stm32f10x_can.o ABSOLUTE
    ..\..\Libraries\FWlib\src\stm32f10x_cec.c 0x00000000   Number         0  stm32f10x_cec.o ABSOLUTE
    ..\..\Libraries\FWlib\src\stm32f10x_crc.c 0x00000000   Number         0  stm32f10x_crc.o ABSOLUTE
    ..\..\Libraries\FWlib\src\stm32f10x_dac.c 0x00000000   Number         0  stm32f10x_dac.o ABSOLUTE
    ..\..\Libraries\FWlib\src\stm32f10x_dbgmcu.c 0x00000000   Number         0  stm32f10x_dbgmcu.o ABSOLUTE
    ..\..\Libraries\FWlib\src\stm32f10x_dma.c 0x00000000   Number         0  stm32f10x_dma.o ABSOLUTE
    ..\..\Libraries\FWlib\src\stm32f10x_exti.c 0x00000000   Number         0  stm32f10x_exti.o ABSOLUTE
    ..\..\Libraries\FWlib\src\stm32f10x_flash.c 0x00000000   Number         0  stm32f10x_flash.o ABSOLUTE
    ..\..\Libraries\FWlib\src\stm32f10x_fsmc.c 0x00000000   Number         0  stm32f10x_fsmc.o ABSOLUTE
    ..\..\Libraries\FWlib\src\stm32f10x_gpio.c 0x00000000   Number         0  stm32f10x_gpio.o ABSOLUTE
    ..\..\Libraries\FWlib\src\stm32f10x_i2c.c 0x00000000   Number         0  stm32f10x_i2c.o ABSOLUTE
    ..\..\Libraries\FWlib\src\stm32f10x_iwdg.c 0x00000000   Number         0  stm32f10x_iwdg.o ABSOLUTE
    ..\..\Libraries\FWlib\src\stm32f10x_pwr.c 0x00000000   Number         0  stm32f10x_pwr.o ABSOLUTE
    ..\..\Libraries\FWlib\src\stm32f10x_rcc.c 0x00000000   Number         0  stm32f10x_rcc.o ABSOLUTE
    ..\..\Libraries\FWlib\src\stm32f10x_rtc.c 0x00000000   Number         0  stm32f10x_rtc.o ABSOLUTE
    ..\..\Libraries\FWlib\src\stm32f10x_sdio.c 0x00000000   Number         0  stm32f10x_sdio.o ABSOLUTE
    ..\..\Libraries\FWlib\src\stm32f10x_spi.c 0x00000000   Number         0  stm32f10x_spi.o ABSOLUTE
    ..\..\Libraries\FWlib\src\stm32f10x_tim.c 0x00000000   Number         0  stm32f10x_tim.o ABSOLUTE
    ..\..\Libraries\FWlib\src\stm32f10x_usart.c 0x00000000   Number         0  stm32f10x_usart.o ABSOLUTE
    ..\..\Libraries\FWlib\src\stm32f10x_wwdg.c 0x00000000   Number         0  stm32f10x_wwdg.o ABSOLUTE
    ..\..\User\APP\app.c                     0x00000000   Number         0  app.o ABSOLUTE
    ..\..\User\GpioRemap\bsp_GpioRemap.c     0x00000000   Number         0  bsp_gpioremap.o ABSOLUTE
    ..\..\User\Key\bsp_key.c                 0x00000000   Number         0  bsp_key.o ABSOLUTE
    ..\..\User\Led\bsp_led.c                 0x00000000   Number         0  bsp_led.o ABSOLUTE
    ..\..\User\adc\bsp_adc.c                 0x00000000   Number         0  bsp_adc.o ABSOLUTE
    ..\..\User\beep\bsp_beep.c               0x00000000   Number         0  bsp_beep.o ABSOLUTE
    ..\..\User\delay\bsp_delay.c             0x00000000   Number         0  bsp_delay.o ABSOLUTE
    ..\..\User\lcd\bsp_lcd.c                 0x00000000   Number         0  bsp_lcd.o ABSOLUTE
    ..\..\User\main.c                        0x00000000   Number         0  main.o ABSOLUTE
    ..\..\User\motor\Encoder.c               0x00000000   Number         0  encoder.o ABSOLUTE
    ..\..\User\motor\Motor.c                 0x00000000   Number         0  motor.o ABSOLUTE
    ..\..\User\motor\PID.c                   0x00000000   Number         0  pid.o ABSOLUTE
    ..\..\User\oled\oled_I2C\OLED.c          0x00000000   Number         0  oled.o ABSOLUTE
    ..\..\User\servo\servo.c                 0x00000000   Number         0  servo.o ABSOLUTE
    ..\..\User\stm32f10x_it.c                0x00000000   Number         0  stm32f10x_it.o ABSOLUTE
    ..\..\User\usart\bsp_usart.c             0x00000000   Number         0  bsp_usart.o ABSOLUTE
    ..\..\User\usart\communication_protocol.c 0x00000000   Number         0  communication_protocol.o ABSOLUTE
    ..\\..\\Libraries\\CMSIS\\core_cm3.c     0x00000000   Number         0  core_cm3.o ABSOLUTE
    cdcmple.s                                0x00000000   Number         0  cdcmple.o ABSOLUTE
    cdrcmple.s                               0x00000000   Number         0  cdrcmple.o ABSOLUTE
    cfcmple.s                                0x00000000   Number         0  cfcmple.o ABSOLUTE
    cfrcmple.s                               0x00000000   Number         0  cfrcmple.o ABSOLUTE
    dc.s                                     0x00000000   Number         0  dc.o ABSOLUTE
    handlers.s                               0x00000000   Number         0  handlers.o ABSOLUTE
    init.s                                   0x00000000   Number         0  init.o ABSOLUTE
    RESET                                    0x08000000   Section      304  startup_stm32f10x_hd.o(RESET)
    .ARM.Collect$$$$00000000                 0x08000130   Section        0  entry.o(.ARM.Collect$$$$00000000)
    .ARM.Collect$$$$00000001                 0x08000130   Section        4  entry2.o(.ARM.Collect$$$$00000001)
    .ARM.Collect$$$$00000004                 0x08000134   Section        4  entry5.o(.ARM.Collect$$$$00000004)
    .ARM.Collect$$$$00000008                 0x08000138   Section        0  entry7b.o(.ARM.Collect$$$$00000008)
    .ARM.Collect$$$$0000000A                 0x08000138   Section        0  entry8b.o(.ARM.Collect$$$$0000000A)
    .ARM.Collect$$$$0000000B                 0x08000138   Section        8  entry9a.o(.ARM.Collect$$$$0000000B)
    .ARM.Collect$$$$0000000D                 0x08000140   Section        0  entry10a.o(.ARM.Collect$$$$0000000D)
    .ARM.Collect$$$$0000000F                 0x08000140   Section        0  entry11a.o(.ARM.Collect$$$$0000000F)
    .ARM.Collect$$$$00002712                 0x08000140   Section        4  entry2.o(.ARM.Collect$$$$00002712)
    __lit__00000000                          0x08000140   Data           4  entry2.o(.ARM.Collect$$$$00002712)
    .text                                    0x08000144   Section       36  startup_stm32f10x_hd.o(.text)
    .text                                    0x08000168   Section        0  system_stm32f10x.o(.text)
    SetSysClockTo72                          0x08000169   Thumb Code   214  system_stm32f10x.o(.text)
    SetSysClock                              0x0800023f   Thumb Code     8  system_stm32f10x.o(.text)
    .text                                    0x08000348   Section        0  misc.o(.text)
    .text                                    0x08000424   Section        0  stm32f10x_bkp.o(.text)
    .text                                    0x080004e8   Section        0  stm32f10x_exti.o(.text)
    .text                                    0x08000604   Section        0  stm32f10x_gpio.o(.text)
    .text                                    0x08000960   Section        0  stm32f10x_pwr.o(.text)
    .text                                    0x08000a2c   Section        0  stm32f10x_rcc.o(.text)
    .text                                    0x08000dd0   Section        0  stm32f10x_tim.o(.text)
    TI4_Config                               0x08001277   Thumb Code   130  stm32f10x_tim.o(.text)
    TI3_Config                               0x0800130b   Thumb Code   122  stm32f10x_tim.o(.text)
    TI2_Config                               0x0800139f   Thumb Code   130  stm32f10x_tim.o(.text)
    TI1_Config                               0x08001433   Thumb Code   108  stm32f10x_tim.o(.text)
    .text                                    0x08001bec   Section        0  stm32f10x_usart.o(.text)
    .text                                    0x08001ff4   Section        0  main.o(.text)
    .text                                    0x08001ffc   Section        0  stm32f10x_it.o(.text)
    .text                                    0x08002018   Section        0  bsp_led.o(.text)
    .text                                    0x0800209c   Section        0  bsp_beep.o(.text)
    .text                                    0x080020d4   Section        0  bsp_key.o(.text)
    NVIC_Configuration                       0x080020d5   Thumb Code    62  bsp_key.o(.text)
    .text                                    0x080021cc   Section        0  bsp_usart.o(.text)
    NVIC_USART2_Configuration                0x080021cd   Thumb Code    34  bsp_usart.o(.text)
    NVIC_USART3_Configuration                0x080021ef   Thumb Code    34  bsp_usart.o(.text)
    NVIC_UART5_Configuration                 0x08002211   Thumb Code    34  bsp_usart.o(.text)
    NVIC_UART4_Configuration                 0x08002233   Thumb Code    30  bsp_usart.o(.text)
    .text                                    0x080026a8   Section        0  bsp_delay.o(.text)
    .text                                    0x0800277c   Section        0  app.o(.text)
    System_Init                              0x08002841   Thumb Code   118  app.o(.text)
    .text                                    0x080029d0   Section        0  servo.o(.text)
    SERVO_TIM_GPIO_Config                    0x080029d1   Thumb Code   148  servo.o(.text)
    SERVO_TIM_Mode_Config                    0x08002a65   Thumb Code   152  servo.o(.text)
    .text                                    0x08002f90   Section        0  communication_protocol.o(.text)
    .text                                    0x080034ec   Section        0  bsp_gpioremap.o(.text)
    .text                                    0x0800351c   Section        0  encoder.o(.text)
    .text                                    0x0800383c   Section        0  pid.o(.text)
    .text                                    0x08003ed0   Section        0  motor.o(.text)
    .text                                    0x08004310   Section        0  oled.o(.text)
    .text                                    0x08004724   Section        0  fadd.o(.text)
    .text                                    0x080047d4   Section        0  fmul.o(.text)
    .text                                    0x08004838   Section        0  fdiv.o(.text)
    .text                                    0x080048b4   Section        0  dadd.o(.text)
    .text                                    0x08004a02   Section        0  dmul.o(.text)
    .text                                    0x08004ae6   Section        0  ddiv.o(.text)
    .text                                    0x08004bc4   Section        0  fflti.o(.text)
    .text                                    0x08004bd6   Section        0  dflti.o(.text)
    .text                                    0x08004bf8   Section        0  ffixi.o(.text)
    .text                                    0x08004c2a   Section        0  dfixui.o(.text)
    .text                                    0x08004c5c   Section        0  f2d.o(.text)
    .text                                    0x08004c82   Section        0  d2f.o(.text)
    .text                                    0x08004cbc   Section       20  cfcmple.o(.text)
    .text                                    0x08004cd0   Section       20  cfrcmple.o(.text)
    .text                                    0x08004ce4   Section        0  uidiv.o(.text)
    .text                                    0x08004d10   Section        0  uldiv.o(.text)
    .text                                    0x08004d72   Section        0  llshl.o(.text)
    .text                                    0x08004d90   Section        0  llushr.o(.text)
    .text                                    0x08004db0   Section        0  llsshr.o(.text)
    .text                                    0x08004dd4   Section        0  fepilogue.o(.text)
    .text                                    0x08004dd4   Section        0  iusefp.o(.text)
    .text                                    0x08004e42   Section        0  fsqrt.o(.text)
    .text                                    0x08004ea0   Section        0  depilogue.o(.text)
    .text                                    0x08004f5a   Section        0  dscalb.o(.text)
    .text                                    0x08004f88   Section        0  dsqrt.o(.text)
    .text                                    0x0800502a   Section        0  dfixul.o(.text)
    .text                                    0x0800505c   Section       48  cdrcmple.o(.text)
    .text                                    0x0800508c   Section       36  init.o(.text)
    .text                                    0x080050b0   Section        0  dfltui.o(.text)
    .text                                    0x080050ca   Section        0  dfixi.o(.text)
    i.__0printf                              0x08005108   Section        0  printfa.o(i.__0printf)
    i.__ARM_fpclassify                       0x08005128   Section        0  fpclassify.o(i.__ARM_fpclassify)
    i.__ieee754_rem_pio2                     0x08005150   Section        0  rred.o(i.__ieee754_rem_pio2)
    i.__kernel_cos                           0x080054d8   Section        0  cos_i.o(i.__kernel_cos)
    i.__kernel_poly                          0x080055d4   Section        0  poly.o(i.__kernel_poly)
    i.__kernel_sin                           0x08005680   Section        0  sin_i.o(i.__kernel_sin)
    i.__mathlib_dbl_infnan                   0x0800576c   Section        0  dunder.o(i.__mathlib_dbl_infnan)
    i.__mathlib_dbl_invalid                  0x08005772   Section        0  dunder.o(i.__mathlib_dbl_invalid)
    i.__mathlib_dbl_underflow                0x08005780   Section        0  dunder.o(i.__mathlib_dbl_underflow)
    i.__scatterload_copy                     0x08005790   Section       14  handlers.o(i.__scatterload_copy)
    i.__scatterload_null                     0x0800579e   Section        2  handlers.o(i.__scatterload_null)
    i.__scatterload_zeroinit                 0x080057a0   Section       14  handlers.o(i.__scatterload_zeroinit)
    i.__set_errno                            0x080057b0   Section        0  errno.o(i.__set_errno)
    i._fp_digits                             0x080057bc   Section        0  printfa.o(i._fp_digits)
    _fp_digits                               0x080057bd   Thumb Code   366  printfa.o(i._fp_digits)
    i._printf_core                           0x08005940   Section        0  printfa.o(i._printf_core)
    _printf_core                             0x08005941   Thumb Code  1744  printfa.o(i._printf_core)
    i._printf_post_padding                   0x0800601c   Section        0  printfa.o(i._printf_post_padding)
    _printf_post_padding                     0x0800601d   Thumb Code    36  printfa.o(i._printf_post_padding)
    i._printf_pre_padding                    0x08006040   Section        0  printfa.o(i._printf_pre_padding)
    _printf_pre_padding                      0x08006041   Thumb Code    46  printfa.o(i._printf_pre_padding)
    i.asin                                   0x08006070   Section        0  asin.o(i.asin)
    i.atan                                   0x080062e0   Section        0  atan.o(i.atan)
    i.cos                                    0x08006500   Section        0  cos.o(i.cos)
    i.sin                                    0x0800659c   Section        0  sin.o(i.sin)
    i.sqrt                                   0x0800663c   Section        0  sqrt.o(i.sqrt)
    i.sqrtf                                  0x08006688   Section        0  sqrtf.o(i.sqrtf)
    .constdata                               0x080066b4   Section     1520  oled.o(.constdata)
    .constdata                               0x08006ca8   Section       80  asin.o(.constdata)
    pS                                       0x08006ca8   Data          48  asin.o(.constdata)
    qS                                       0x08006cd8   Data          32  asin.o(.constdata)
    .constdata                               0x08006cf8   Section      152  atan.o(.constdata)
    atanhi                                   0x08006cf8   Data          32  atan.o(.constdata)
    atanlo                                   0x08006d18   Data          32  atan.o(.constdata)
    aTodd                                    0x08006d38   Data          40  atan.o(.constdata)
    aTeven                                   0x08006d60   Data          48  atan.o(.constdata)
    .constdata                               0x08006d90   Section       48  cos_i.o(.constdata)
    C                                        0x08006d90   Data          48  cos_i.o(.constdata)
    .constdata                               0x08006dc0   Section      200  rred.o(.constdata)
    pio2s                                    0x08006dc0   Data          48  rred.o(.constdata)
    twooverpi                                0x08006df0   Data         152  rred.o(.constdata)
    .constdata                               0x08006e88   Section       40  sin_i.o(.constdata)
    S                                        0x08006e88   Data          40  sin_i.o(.constdata)
    .data                                    0x20000000   Section       20  system_stm32f10x.o(.data)
    .data                                    0x20000014   Section       20  stm32f10x_rcc.o(.data)
    APBAHBPrescTable                         0x20000014   Data          16  stm32f10x_rcc.o(.data)
    ADCPrescTable                            0x20000024   Data           4  stm32f10x_rcc.o(.data)
    .data                                    0x20000028   Section        2  bsp_key.o(.data)
    .data                                    0x2000002a   Section       11  bsp_usart.o(.data)
    .data                                    0x20000036   Section        4  bsp_delay.o(.data)
    fac_us                                   0x20000036   Data           1  bsp_delay.o(.data)
    fac_ms                                   0x20000038   Data           2  bsp_delay.o(.data)
    .data                                    0x2000003a   Section       14  communication_protocol.o(.data)
    .data                                    0x20000048   Section      192  pid.o(.data)
    k                                        0x20000104   Data           4  pid.o(.data)
    .data                                    0x20000108   Section        4  stdout.o(.data)
    .data                                    0x2000010c   Section        4  errno.o(.data)
    _errno                                   0x2000010c   Data           4  errno.o(.data)
    .bss                                     0x20000110   Section       28  bsp_usart.o(.bss)
    .bss                                     0x2000012c   Section       48  communication_protocol.o(.bss)
    STACK                                    0x20000160   Section     1024  startup_stm32f10x_hd.o(STACK)

    Global Symbols

    Symbol Name                              Value     Ov Type        Size  Object(Section)

    BuildAttributes$$THM_ISAv4$P$D$K$B$S$PE$A:L22UL41UL21$X:L11$S22US41US21$IEEE1$IW$USESV6$~STKCKD$USESV7$~SHL$OTIME$ROPI$IEEEX$EBA8$MICROLIB$REQ8$PRES8$EABIv2 0x00000000   Number         0  anon$$obj.o ABSOLUTE
    __ARM_use_no_argv                        0x00000000   Number         0  main.o ABSOLUTE
    _printf_a                                0x00000000   Number         0  stubs.o ABSOLUTE
    _printf_c                                0x00000000   Number         0  stubs.o ABSOLUTE
    _printf_charcount                        0x00000000   Number         0  stubs.o ABSOLUTE
    _printf_d                                0x00000000   Number         0  stubs.o ABSOLUTE
    _printf_e                                0x00000000   Number         0  stubs.o ABSOLUTE
    _printf_f                                0x00000000   Number         0  stubs.o ABSOLUTE
    _printf_flags                            0x00000000   Number         0  stubs.o ABSOLUTE
    _printf_fp_dec                           0x00000000   Number         0  stubs.o ABSOLUTE
    _printf_fp_hex                           0x00000000   Number         0  stubs.o ABSOLUTE
    _printf_g                                0x00000000   Number         0  stubs.o ABSOLUTE
    _printf_i                                0x00000000   Number         0  stubs.o ABSOLUTE
    _printf_int_dec                          0x00000000   Number         0  stubs.o ABSOLUTE
    _printf_l                                0x00000000   Number         0  stubs.o ABSOLUTE
    _printf_lc                               0x00000000   Number         0  stubs.o ABSOLUTE
    _printf_ll                               0x00000000   Number         0  stubs.o ABSOLUTE
    _printf_lld                              0x00000000   Number         0  stubs.o ABSOLUTE
    _printf_lli                              0x00000000   Number         0  stubs.o ABSOLUTE
    _printf_llo                              0x00000000   Number         0  stubs.o ABSOLUTE
    _printf_llu                              0x00000000   Number         0  stubs.o ABSOLUTE
    _printf_llx                              0x00000000   Number         0  stubs.o ABSOLUTE
    _printf_longlong_dec                     0x00000000   Number         0  stubs.o ABSOLUTE
    _printf_longlong_hex                     0x00000000   Number         0  stubs.o ABSOLUTE
    _printf_longlong_oct                     0x00000000   Number         0  stubs.o ABSOLUTE
    _printf_ls                               0x00000000   Number         0  stubs.o ABSOLUTE
    _printf_mbtowc                           0x00000000   Number         0  stubs.o ABSOLUTE
    _printf_n                                0x00000000   Number         0  stubs.o ABSOLUTE
    _printf_o                                0x00000000   Number         0  stubs.o ABSOLUTE
    _printf_p                                0x00000000   Number         0  stubs.o ABSOLUTE
    _printf_percent                          0x00000000   Number         0  stubs.o ABSOLUTE
    _printf_pre_padding                      0x00000000   Number         0  stubs.o ABSOLUTE
    _printf_return_value                     0x00000000   Number         0  stubs.o ABSOLUTE
    _printf_s                                0x00000000   Number         0  stubs.o ABSOLUTE
    _printf_sizespec                         0x00000000   Number         0  stubs.o ABSOLUTE
    _printf_str                              0x00000000   Number         0  stubs.o ABSOLUTE
    _printf_truncate_signed                  0x00000000   Number         0  stubs.o ABSOLUTE
    _printf_truncate_unsigned                0x00000000   Number         0  stubs.o ABSOLUTE
    _printf_u                                0x00000000   Number         0  stubs.o ABSOLUTE
    _printf_wc                               0x00000000   Number         0  stubs.o ABSOLUTE
    _printf_wctomb                           0x00000000   Number         0  stubs.o ABSOLUTE
    _printf_widthprec                        0x00000000   Number         0  stubs.o ABSOLUTE
    _printf_x                                0x00000000   Number         0  stubs.o ABSOLUTE
    __cpp_initialize__aeabi_                  - Undefined Weak Reference
    __cxa_finalize                            - Undefined Weak Reference
    __decompress                              - Undefined Weak Reference
    _clock_init                               - Undefined Weak Reference
    _microlib_exit                            - Undefined Weak Reference
    __Vectors_Size                           0x00000130   Number         0  startup_stm32f10x_hd.o ABSOLUTE
    __Vectors                                0x08000000   Data           4  startup_stm32f10x_hd.o(RESET)
    __Vectors_End                            0x08000130   Data           0  startup_stm32f10x_hd.o(RESET)
    __main                                   0x08000131   Thumb Code     0  entry.o(.ARM.Collect$$$$00000000)
    _main_stk                                0x08000131   Thumb Code     0  entry2.o(.ARM.Collect$$$$00000001)
    _main_scatterload                        0x08000135   Thumb Code     0  entry5.o(.ARM.Collect$$$$00000004)
    __main_after_scatterload                 0x08000139   Thumb Code     0  entry5.o(.ARM.Collect$$$$00000004)
    _main_clock                              0x08000139   Thumb Code     0  entry7b.o(.ARM.Collect$$$$00000008)
    _main_cpp_init                           0x08000139   Thumb Code     0  entry8b.o(.ARM.Collect$$$$0000000A)
    _main_init                               0x08000139   Thumb Code     0  entry9a.o(.ARM.Collect$$$$0000000B)
    __rt_final_cpp                           0x08000141   Thumb Code     0  entry10a.o(.ARM.Collect$$$$0000000D)
    __rt_final_exit                          0x08000141   Thumb Code     0  entry11a.o(.ARM.Collect$$$$0000000F)
    Reset_Handler                            0x08000145   Thumb Code     8  startup_stm32f10x_hd.o(.text)
    ADC1_2_IRQHandler                        0x0800015f   Thumb Code     0  startup_stm32f10x_hd.o(.text)
    ADC3_IRQHandler                          0x0800015f   Thumb Code     0  startup_stm32f10x_hd.o(.text)
    CAN1_RX1_IRQHandler                      0x0800015f   Thumb Code     0  startup_stm32f10x_hd.o(.text)
    CAN1_SCE_IRQHandler                      0x0800015f   Thumb Code     0  startup_stm32f10x_hd.o(.text)
    DMA1_Channel1_IRQHandler                 0x0800015f   Thumb Code     0  startup_stm32f10x_hd.o(.text)
    DMA1_Channel2_IRQHandler                 0x0800015f   Thumb Code     0  startup_stm32f10x_hd.o(.text)
    DMA1_Channel3_IRQHandler                 0x0800015f   Thumb Code     0  startup_stm32f10x_hd.o(.text)
    DMA1_Channel4_IRQHandler                 0x0800015f   Thumb Code     0  startup_stm32f10x_hd.o(.text)
    DMA1_Channel5_IRQHandler                 0x0800015f   Thumb Code     0  startup_stm32f10x_hd.o(.text)
    DMA1_Channel6_IRQHandler                 0x0800015f   Thumb Code     0  startup_stm32f10x_hd.o(.text)
    DMA1_Channel7_IRQHandler                 0x0800015f   Thumb Code     0  startup_stm32f10x_hd.o(.text)
    DMA2_Channel1_IRQHandler                 0x0800015f   Thumb Code     0  startup_stm32f10x_hd.o(.text)
    DMA2_Channel2_IRQHandler                 0x0800015f   Thumb Code     0  startup_stm32f10x_hd.o(.text)
    DMA2_Channel3_IRQHandler                 0x0800015f   Thumb Code     0  startup_stm32f10x_hd.o(.text)
    DMA2_Channel4_5_IRQHandler               0x0800015f   Thumb Code     0  startup_stm32f10x_hd.o(.text)
    EXTI15_10_IRQHandler                     0x0800015f   Thumb Code     0  startup_stm32f10x_hd.o(.text)
    EXTI2_IRQHandler                         0x0800015f   Thumb Code     0  startup_stm32f10x_hd.o(.text)
    EXTI3_IRQHandler                         0x0800015f   Thumb Code     0  startup_stm32f10x_hd.o(.text)
    EXTI4_IRQHandler                         0x0800015f   Thumb Code     0  startup_stm32f10x_hd.o(.text)
    EXTI9_5_IRQHandler                       0x0800015f   Thumb Code     0  startup_stm32f10x_hd.o(.text)
    FLASH_IRQHandler                         0x0800015f   Thumb Code     0  startup_stm32f10x_hd.o(.text)
    FSMC_IRQHandler                          0x0800015f   Thumb Code     0  startup_stm32f10x_hd.o(.text)
    I2C1_ER_IRQHandler                       0x0800015f   Thumb Code     0  startup_stm32f10x_hd.o(.text)
    I2C1_EV_IRQHandler                       0x0800015f   Thumb Code     0  startup_stm32f10x_hd.o(.text)
    I2C2_ER_IRQHandler                       0x0800015f   Thumb Code     0  startup_stm32f10x_hd.o(.text)
    I2C2_EV_IRQHandler                       0x0800015f   Thumb Code     0  startup_stm32f10x_hd.o(.text)
    PVD_IRQHandler                           0x0800015f   Thumb Code     0  startup_stm32f10x_hd.o(.text)
    RCC_IRQHandler                           0x0800015f   Thumb Code     0  startup_stm32f10x_hd.o(.text)
    RTCAlarm_IRQHandler                      0x0800015f   Thumb Code     0  startup_stm32f10x_hd.o(.text)
    RTC_IRQHandler                           0x0800015f   Thumb Code     0  startup_stm32f10x_hd.o(.text)
    SDIO_IRQHandler                          0x0800015f   Thumb Code     0  startup_stm32f10x_hd.o(.text)
    SPI1_IRQHandler                          0x0800015f   Thumb Code     0  startup_stm32f10x_hd.o(.text)
    SPI2_IRQHandler                          0x0800015f   Thumb Code     0  startup_stm32f10x_hd.o(.text)
    SPI3_IRQHandler                          0x0800015f   Thumb Code     0  startup_stm32f10x_hd.o(.text)
    TAMPER_IRQHandler                        0x0800015f   Thumb Code     0  startup_stm32f10x_hd.o(.text)
    TIM1_BRK_IRQHandler                      0x0800015f   Thumb Code     0  startup_stm32f10x_hd.o(.text)
    TIM1_CC_IRQHandler                       0x0800015f   Thumb Code     0  startup_stm32f10x_hd.o(.text)
    TIM1_TRG_COM_IRQHandler                  0x0800015f   Thumb Code     0  startup_stm32f10x_hd.o(.text)
    TIM1_UP_IRQHandler                       0x0800015f   Thumb Code     0  startup_stm32f10x_hd.o(.text)
    TIM2_IRQHandler                          0x0800015f   Thumb Code     0  startup_stm32f10x_hd.o(.text)
    TIM3_IRQHandler                          0x0800015f   Thumb Code     0  startup_stm32f10x_hd.o(.text)
    TIM4_IRQHandler                          0x0800015f   Thumb Code     0  startup_stm32f10x_hd.o(.text)
    TIM5_IRQHandler                          0x0800015f   Thumb Code     0  startup_stm32f10x_hd.o(.text)
    TIM7_IRQHandler                          0x0800015f   Thumb Code     0  startup_stm32f10x_hd.o(.text)
    TIM8_BRK_IRQHandler                      0x0800015f   Thumb Code     0  startup_stm32f10x_hd.o(.text)
    TIM8_CC_IRQHandler                       0x0800015f   Thumb Code     0  startup_stm32f10x_hd.o(.text)
    TIM8_TRG_COM_IRQHandler                  0x0800015f   Thumb Code     0  startup_stm32f10x_hd.o(.text)
    TIM8_UP_IRQHandler                       0x0800015f   Thumb Code     0  startup_stm32f10x_hd.o(.text)
    USART1_IRQHandler                        0x0800015f   Thumb Code     0  startup_stm32f10x_hd.o(.text)
    USART3_IRQHandler                        0x0800015f   Thumb Code     0  startup_stm32f10x_hd.o(.text)
    USBWakeUp_IRQHandler                     0x0800015f   Thumb Code     0  startup_stm32f10x_hd.o(.text)
    USB_HP_CAN1_TX_IRQHandler                0x0800015f   Thumb Code     0  startup_stm32f10x_hd.o(.text)
    USB_LP_CAN1_RX0_IRQHandler               0x0800015f   Thumb Code     0  startup_stm32f10x_hd.o(.text)
    WWDG_IRQHandler                          0x0800015f   Thumb Code     0  startup_stm32f10x_hd.o(.text)
    SystemInit                               0x08000247   Thumb Code    78  system_stm32f10x.o(.text)
    SystemCoreClockUpdate                    0x08000295   Thumb Code   142  system_stm32f10x.o(.text)
    NVIC_PriorityGroupConfig                 0x08000349   Thumb Code    10  misc.o(.text)
    NVIC_Init                                0x08000353   Thumb Code   100  misc.o(.text)
    NVIC_SetVectorTable                      0x080003b7   Thumb Code    14  misc.o(.text)
    NVIC_SystemLPConfig                      0x080003c5   Thumb Code    34  misc.o(.text)
    SysTick_CLKSourceConfig                  0x080003e7   Thumb Code    40  misc.o(.text)
    BKP_DeInit                               0x08000425   Thumb Code    16  stm32f10x_bkp.o(.text)
    BKP_TamperPinLevelConfig                 0x08000435   Thumb Code     6  stm32f10x_bkp.o(.text)
    BKP_TamperPinCmd                         0x0800043b   Thumb Code     8  stm32f10x_bkp.o(.text)
    BKP_ITConfig                             0x08000443   Thumb Code     8  stm32f10x_bkp.o(.text)
    BKP_RTCOutputConfig                      0x0800044b   Thumb Code    22  stm32f10x_bkp.o(.text)
    BKP_SetRTCCalibrationValue               0x08000461   Thumb Code    22  stm32f10x_bkp.o(.text)
    BKP_WriteBackupRegister                  0x08000477   Thumb Code    24  stm32f10x_bkp.o(.text)
    BKP_ReadBackupRegister                   0x0800048f   Thumb Code    26  stm32f10x_bkp.o(.text)
    BKP_GetFlagStatus                        0x080004a9   Thumb Code    10  stm32f10x_bkp.o(.text)
    BKP_ClearFlag                            0x080004b3   Thumb Code    18  stm32f10x_bkp.o(.text)
    BKP_GetITStatus                          0x080004c5   Thumb Code    10  stm32f10x_bkp.o(.text)
    BKP_ClearITPendingBit                    0x080004cf   Thumb Code    18  stm32f10x_bkp.o(.text)
    EXTI_DeInit                              0x080004e9   Thumb Code    28  stm32f10x_exti.o(.text)
    EXTI_Init                                0x08000505   Thumb Code   142  stm32f10x_exti.o(.text)
    EXTI_StructInit                          0x08000593   Thumb Code    16  stm32f10x_exti.o(.text)
    EXTI_GenerateSWInterrupt                 0x080005a3   Thumb Code    16  stm32f10x_exti.o(.text)
    EXTI_GetFlagStatus                       0x080005b3   Thumb Code    22  stm32f10x_exti.o(.text)
    EXTI_ClearFlag                           0x080005c9   Thumb Code     8  stm32f10x_exti.o(.text)
    EXTI_GetITStatus                         0x080005d1   Thumb Code    34  stm32f10x_exti.o(.text)
    EXTI_ClearITPendingBit                   0x080005f3   Thumb Code     8  stm32f10x_exti.o(.text)
    GPIO_DeInit                              0x08000605   Thumb Code   172  stm32f10x_gpio.o(.text)
    GPIO_AFIODeInit                          0x080006b1   Thumb Code    20  stm32f10x_gpio.o(.text)
    GPIO_Init                                0x080006c5   Thumb Code   278  stm32f10x_gpio.o(.text)
    GPIO_StructInit                          0x080007db   Thumb Code    16  stm32f10x_gpio.o(.text)
    GPIO_ReadInputDataBit                    0x080007eb   Thumb Code    18  stm32f10x_gpio.o(.text)
    GPIO_ReadInputData                       0x080007fd   Thumb Code     8  stm32f10x_gpio.o(.text)
    GPIO_ReadOutputDataBit                   0x08000805   Thumb Code    18  stm32f10x_gpio.o(.text)
    GPIO_ReadOutputData                      0x08000817   Thumb Code     8  stm32f10x_gpio.o(.text)
    GPIO_SetBits                             0x0800081f   Thumb Code     4  stm32f10x_gpio.o(.text)
    GPIO_ResetBits                           0x08000823   Thumb Code     4  stm32f10x_gpio.o(.text)
    GPIO_WriteBit                            0x08000827   Thumb Code    10  stm32f10x_gpio.o(.text)
    GPIO_Write                               0x08000831   Thumb Code     4  stm32f10x_gpio.o(.text)
    GPIO_PinLockConfig                       0x08000835   Thumb Code    18  stm32f10x_gpio.o(.text)
    GPIO_EventOutputConfig                   0x08000847   Thumb Code    26  stm32f10x_gpio.o(.text)
    GPIO_EventOutputCmd                      0x08000861   Thumb Code     6  stm32f10x_gpio.o(.text)
    GPIO_PinRemapConfig                      0x08000867   Thumb Code   138  stm32f10x_gpio.o(.text)
    GPIO_EXTILineConfig                      0x080008f1   Thumb Code    66  stm32f10x_gpio.o(.text)
    GPIO_ETH_MediaInterfaceConfig            0x08000933   Thumb Code     8  stm32f10x_gpio.o(.text)
    PWR_DeInit                               0x08000961   Thumb Code    22  stm32f10x_pwr.o(.text)
    PWR_BackupAccessCmd                      0x08000977   Thumb Code     6  stm32f10x_pwr.o(.text)
    PWR_PVDCmd                               0x0800097d   Thumb Code     6  stm32f10x_pwr.o(.text)
    PWR_PVDLevelConfig                       0x08000983   Thumb Code    18  stm32f10x_pwr.o(.text)
    PWR_WakeUpPinCmd                         0x08000995   Thumb Code     8  stm32f10x_pwr.o(.text)
    PWR_EnterSTOPMode                        0x0800099d   Thumb Code    54  stm32f10x_pwr.o(.text)
    PWR_EnterSTANDBYMode                     0x080009d3   Thumb Code    42  stm32f10x_pwr.o(.text)
    PWR_GetFlagStatus                        0x080009fd   Thumb Code    20  stm32f10x_pwr.o(.text)
    PWR_ClearFlag                            0x08000a11   Thumb Code    14  stm32f10x_pwr.o(.text)
    RCC_DeInit                               0x08000a2d   Thumb Code    64  stm32f10x_rcc.o(.text)
    RCC_HSEConfig                            0x08000a6d   Thumb Code    70  stm32f10x_rcc.o(.text)
    RCC_GetFlagStatus                        0x08000ab3   Thumb Code    56  stm32f10x_rcc.o(.text)
    RCC_WaitForHSEStartUp                    0x08000aeb   Thumb Code    56  stm32f10x_rcc.o(.text)
    RCC_AdjustHSICalibrationValue            0x08000b23   Thumb Code    20  stm32f10x_rcc.o(.text)
    RCC_HSICmd                               0x08000b37   Thumb Code     6  stm32f10x_rcc.o(.text)
    RCC_PLLConfig                            0x08000b3d   Thumb Code    24  stm32f10x_rcc.o(.text)
    RCC_PLLCmd                               0x08000b55   Thumb Code     6  stm32f10x_rcc.o(.text)
    RCC_SYSCLKConfig                         0x08000b5b   Thumb Code    18  stm32f10x_rcc.o(.text)
    RCC_GetSYSCLKSource                      0x08000b6d   Thumb Code    10  stm32f10x_rcc.o(.text)
    RCC_HCLKConfig                           0x08000b77   Thumb Code    18  stm32f10x_rcc.o(.text)
    RCC_PCLK1Config                          0x08000b89   Thumb Code    18  stm32f10x_rcc.o(.text)
    RCC_PCLK2Config                          0x08000b9b   Thumb Code    20  stm32f10x_rcc.o(.text)
    RCC_ITConfig                             0x08000baf   Thumb Code    26  stm32f10x_rcc.o(.text)
    RCC_USBCLKConfig                         0x08000bc9   Thumb Code     8  stm32f10x_rcc.o(.text)
    RCC_ADCCLKConfig                         0x08000bd1   Thumb Code    18  stm32f10x_rcc.o(.text)
    RCC_LSEConfig                            0x08000be3   Thumb Code    50  stm32f10x_rcc.o(.text)
    RCC_LSICmd                               0x08000c15   Thumb Code     6  stm32f10x_rcc.o(.text)
    RCC_RTCCLKConfig                         0x08000c1b   Thumb Code    12  stm32f10x_rcc.o(.text)
    RCC_RTCCLKCmd                            0x08000c27   Thumb Code     8  stm32f10x_rcc.o(.text)
    RCC_GetClocksFreq                        0x08000c2f   Thumb Code   192  stm32f10x_rcc.o(.text)
    RCC_AHBPeriphClockCmd                    0x08000cef   Thumb Code    26  stm32f10x_rcc.o(.text)
    RCC_APB2PeriphClockCmd                   0x08000d09   Thumb Code    26  stm32f10x_rcc.o(.text)
    RCC_APB1PeriphClockCmd                   0x08000d23   Thumb Code    26  stm32f10x_rcc.o(.text)
    RCC_APB2PeriphResetCmd                   0x08000d3d   Thumb Code    26  stm32f10x_rcc.o(.text)
    RCC_APB1PeriphResetCmd                   0x08000d57   Thumb Code    26  stm32f10x_rcc.o(.text)
    RCC_BackupResetCmd                       0x08000d71   Thumb Code     8  stm32f10x_rcc.o(.text)
    RCC_ClockSecuritySystemCmd               0x08000d79   Thumb Code     6  stm32f10x_rcc.o(.text)
    RCC_MCOConfig                            0x08000d7f   Thumb Code     6  stm32f10x_rcc.o(.text)
    RCC_ClearFlag                            0x08000d85   Thumb Code    14  stm32f10x_rcc.o(.text)
    RCC_GetITStatus                          0x08000d93   Thumb Code    20  stm32f10x_rcc.o(.text)
    RCC_ClearITPendingBit                    0x08000da7   Thumb Code     6  stm32f10x_rcc.o(.text)
    TIM_DeInit                               0x08000dd1   Thumb Code   424  stm32f10x_tim.o(.text)
    TIM_TimeBaseInit                         0x08000f79   Thumb Code   122  stm32f10x_tim.o(.text)
    TIM_OC1Init                              0x08000ff3   Thumb Code   132  stm32f10x_tim.o(.text)
    TIM_OC2Init                              0x08001077   Thumb Code   154  stm32f10x_tim.o(.text)
    TIM_OC3Init                              0x08001111   Thumb Code   150  stm32f10x_tim.o(.text)
    TIM_OC4Init                              0x080011a7   Thumb Code   182  stm32f10x_tim.o(.text)
    TIM_SetIC4Prescaler                      0x0800125d   Thumb Code    26  stm32f10x_tim.o(.text)
    TIM_SetIC3Prescaler                      0x080012f9   Thumb Code    18  stm32f10x_tim.o(.text)
    TIM_SetIC2Prescaler                      0x08001385   Thumb Code    26  stm32f10x_tim.o(.text)
    TIM_SetIC1Prescaler                      0x08001421   Thumb Code    18  stm32f10x_tim.o(.text)
    TIM_ICInit                               0x0800149f   Thumb Code   150  stm32f10x_tim.o(.text)
    TIM_PWMIConfig                           0x08001535   Thumb Code   124  stm32f10x_tim.o(.text)
    TIM_BDTRConfig                           0x080015b1   Thumb Code    32  stm32f10x_tim.o(.text)
    TIM_TimeBaseStructInit                   0x080015d1   Thumb Code    18  stm32f10x_tim.o(.text)
    TIM_OCStructInit                         0x080015e3   Thumb Code    20  stm32f10x_tim.o(.text)
    TIM_ICStructInit                         0x080015f7   Thumb Code    18  stm32f10x_tim.o(.text)
    TIM_BDTRStructInit                       0x08001609   Thumb Code    40  stm32f10x_tim.o(.text)
    TIM_Cmd                                  0x08001631   Thumb Code    24  stm32f10x_tim.o(.text)
    TIM_CtrlPWMOutputs                       0x08001649   Thumb Code    30  stm32f10x_tim.o(.text)
    TIM_ITConfig                             0x08001667   Thumb Code    18  stm32f10x_tim.o(.text)
    TIM_GenerateEvent                        0x08001679   Thumb Code     4  stm32f10x_tim.o(.text)
    TIM_DMAConfig                            0x0800167d   Thumb Code    10  stm32f10x_tim.o(.text)
    TIM_DMACmd                               0x08001687   Thumb Code    18  stm32f10x_tim.o(.text)
    TIM_InternalClockConfig                  0x08001699   Thumb Code    12  stm32f10x_tim.o(.text)
    TIM_SelectInputTrigger                   0x080016a5   Thumb Code    18  stm32f10x_tim.o(.text)
    TIM_ITRxExternalClockConfig              0x080016b7   Thumb Code    24  stm32f10x_tim.o(.text)
    TIM_TIxExternalClockConfig               0x080016cf   Thumb Code    62  stm32f10x_tim.o(.text)
    TIM_ETRConfig                            0x0800170d   Thumb Code    28  stm32f10x_tim.o(.text)
    TIM_ETRClockMode1Config                  0x08001729   Thumb Code    54  stm32f10x_tim.o(.text)
    TIM_ETRClockMode2Config                  0x0800175f   Thumb Code    32  stm32f10x_tim.o(.text)
    TIM_PrescalerConfig                      0x0800177f   Thumb Code     6  stm32f10x_tim.o(.text)
    TIM_CounterModeConfig                    0x08001785   Thumb Code    18  stm32f10x_tim.o(.text)
    TIM_EncoderInterfaceConfig               0x08001797   Thumb Code    66  stm32f10x_tim.o(.text)
    TIM_ForcedOC1Config                      0x080017d9   Thumb Code    18  stm32f10x_tim.o(.text)
    TIM_ForcedOC2Config                      0x080017eb   Thumb Code    26  stm32f10x_tim.o(.text)
    TIM_ForcedOC3Config                      0x08001805   Thumb Code    18  stm32f10x_tim.o(.text)
    TIM_ForcedOC4Config                      0x08001817   Thumb Code    26  stm32f10x_tim.o(.text)
    TIM_ARRPreloadConfig                     0x08001831   Thumb Code    24  stm32f10x_tim.o(.text)
    TIM_SelectCOM                            0x08001849   Thumb Code    24  stm32f10x_tim.o(.text)
    TIM_SelectCCDMA                          0x08001861   Thumb Code    24  stm32f10x_tim.o(.text)
    TIM_CCPreloadControl                     0x08001879   Thumb Code    24  stm32f10x_tim.o(.text)
    TIM_OC1PreloadConfig                     0x08001891   Thumb Code    18  stm32f10x_tim.o(.text)
    TIM_OC2PreloadConfig                     0x080018a3   Thumb Code    26  stm32f10x_tim.o(.text)
    TIM_OC3PreloadConfig                     0x080018bd   Thumb Code    18  stm32f10x_tim.o(.text)
    TIM_OC4PreloadConfig                     0x080018cf   Thumb Code    26  stm32f10x_tim.o(.text)
    TIM_OC1FastConfig                        0x080018e9   Thumb Code    18  stm32f10x_tim.o(.text)
    TIM_OC2FastConfig                        0x080018fb   Thumb Code    26  stm32f10x_tim.o(.text)
    TIM_OC3FastConfig                        0x08001915   Thumb Code    18  stm32f10x_tim.o(.text)
    TIM_OC4FastConfig                        0x08001927   Thumb Code    26  stm32f10x_tim.o(.text)
    TIM_ClearOC1Ref                          0x08001941   Thumb Code    18  stm32f10x_tim.o(.text)
    TIM_ClearOC2Ref                          0x08001953   Thumb Code    24  stm32f10x_tim.o(.text)
    TIM_ClearOC3Ref                          0x0800196b   Thumb Code    18  stm32f10x_tim.o(.text)
    TIM_ClearOC4Ref                          0x0800197d   Thumb Code    24  stm32f10x_tim.o(.text)
    TIM_OC1PolarityConfig                    0x08001995   Thumb Code    18  stm32f10x_tim.o(.text)
    TIM_OC1NPolarityConfig                   0x080019a7   Thumb Code    18  stm32f10x_tim.o(.text)
    TIM_OC2PolarityConfig                    0x080019b9   Thumb Code    26  stm32f10x_tim.o(.text)
    TIM_OC2NPolarityConfig                   0x080019d3   Thumb Code    26  stm32f10x_tim.o(.text)
    TIM_OC3PolarityConfig                    0x080019ed   Thumb Code    26  stm32f10x_tim.o(.text)
    TIM_OC3NPolarityConfig                   0x08001a07   Thumb Code    26  stm32f10x_tim.o(.text)
    TIM_OC4PolarityConfig                    0x08001a21   Thumb Code    26  stm32f10x_tim.o(.text)
    TIM_CCxCmd                               0x08001a3b   Thumb Code    30  stm32f10x_tim.o(.text)
    TIM_CCxNCmd                              0x08001a59   Thumb Code    30  stm32f10x_tim.o(.text)
    TIM_SelectOCxM                           0x08001a77   Thumb Code    82  stm32f10x_tim.o(.text)
    TIM_UpdateDisableConfig                  0x08001ac9   Thumb Code    24  stm32f10x_tim.o(.text)
    TIM_UpdateRequestConfig                  0x08001ae1   Thumb Code    24  stm32f10x_tim.o(.text)
    TIM_SelectHallSensor                     0x08001af9   Thumb Code    24  stm32f10x_tim.o(.text)
    TIM_SelectOnePulseMode                   0x08001b11   Thumb Code    18  stm32f10x_tim.o(.text)
    TIM_SelectOutputTrigger                  0x08001b23   Thumb Code    18  stm32f10x_tim.o(.text)
    TIM_SelectSlaveMode                      0x08001b35   Thumb Code    18  stm32f10x_tim.o(.text)
    TIM_SelectMasterSlaveMode                0x08001b47   Thumb Code    18  stm32f10x_tim.o(.text)
    TIM_SetCounter                           0x08001b59   Thumb Code     4  stm32f10x_tim.o(.text)
    TIM_SetAutoreload                        0x08001b5d   Thumb Code     4  stm32f10x_tim.o(.text)
    TIM_SetCompare1                          0x08001b61   Thumb Code     4  stm32f10x_tim.o(.text)
    TIM_SetCompare2                          0x08001b65   Thumb Code     4  stm32f10x_tim.o(.text)
    TIM_SetCompare3                          0x08001b69   Thumb Code     4  stm32f10x_tim.o(.text)
    TIM_SetCompare4                          0x08001b6d   Thumb Code     6  stm32f10x_tim.o(.text)
    TIM_SetClockDivision                     0x08001b73   Thumb Code    18  stm32f10x_tim.o(.text)
    TIM_GetCapture1                          0x08001b85   Thumb Code     6  stm32f10x_tim.o(.text)
    TIM_GetCapture2                          0x08001b8b   Thumb Code     6  stm32f10x_tim.o(.text)
    TIM_GetCapture3                          0x08001b91   Thumb Code     6  stm32f10x_tim.o(.text)
    TIM_GetCapture4                          0x08001b97   Thumb Code     8  stm32f10x_tim.o(.text)
    TIM_GetCounter                           0x08001b9f   Thumb Code     6  stm32f10x_tim.o(.text)
    TIM_GetPrescaler                         0x08001ba5   Thumb Code     6  stm32f10x_tim.o(.text)
    TIM_GetFlagStatus                        0x08001bab   Thumb Code    18  stm32f10x_tim.o(.text)
    TIM_ClearFlag                            0x08001bbd   Thumb Code     6  stm32f10x_tim.o(.text)
    TIM_GetITStatus                          0x08001bc3   Thumb Code    34  stm32f10x_tim.o(.text)
    TIM_ClearITPendingBit                    0x08001be5   Thumb Code     6  stm32f10x_tim.o(.text)
    USART_DeInit                             0x08001bed   Thumb Code   134  stm32f10x_usart.o(.text)
    USART_Init                               0x08001c73   Thumb Code   210  stm32f10x_usart.o(.text)
    USART_StructInit                         0x08001d45   Thumb Code    24  stm32f10x_usart.o(.text)
    USART_ClockInit                          0x08001d5d   Thumb Code    34  stm32f10x_usart.o(.text)
    USART_ClockStructInit                    0x08001d7f   Thumb Code    12  stm32f10x_usart.o(.text)
    USART_Cmd                                0x08001d8b   Thumb Code    24  stm32f10x_usart.o(.text)
    USART_ITConfig                           0x08001da3   Thumb Code    74  stm32f10x_usart.o(.text)
    USART_DMACmd                             0x08001ded   Thumb Code    18  stm32f10x_usart.o(.text)
    USART_SetAddress                         0x08001dff   Thumb Code    18  stm32f10x_usart.o(.text)
    USART_WakeUpConfig                       0x08001e11   Thumb Code    18  stm32f10x_usart.o(.text)
    USART_ReceiverWakeUpCmd                  0x08001e23   Thumb Code    24  stm32f10x_usart.o(.text)
    USART_LINBreakDetectLengthConfig         0x08001e3b   Thumb Code    18  stm32f10x_usart.o(.text)
    USART_LINCmd                             0x08001e4d   Thumb Code    24  stm32f10x_usart.o(.text)
    USART_SendData                           0x08001e65   Thumb Code     8  stm32f10x_usart.o(.text)
    USART_ReceiveData                        0x08001e6d   Thumb Code    10  stm32f10x_usart.o(.text)
    USART_SendBreak                          0x08001e77   Thumb Code    10  stm32f10x_usart.o(.text)
    USART_SetGuardTime                       0x08001e81   Thumb Code    16  stm32f10x_usart.o(.text)
    USART_SetPrescaler                       0x08001e91   Thumb Code    16  stm32f10x_usart.o(.text)
    USART_SmartCardCmd                       0x08001ea1   Thumb Code    24  stm32f10x_usart.o(.text)
    USART_SmartCardNACKCmd                   0x08001eb9   Thumb Code    24  stm32f10x_usart.o(.text)
    USART_HalfDuplexCmd                      0x08001ed1   Thumb Code    24  stm32f10x_usart.o(.text)
    USART_OverSampling8Cmd                   0x08001ee9   Thumb Code    22  stm32f10x_usart.o(.text)
    USART_OneBitMethodCmd                    0x08001eff   Thumb Code    24  stm32f10x_usart.o(.text)
    USART_IrDAConfig                         0x08001f17   Thumb Code    18  stm32f10x_usart.o(.text)
    USART_IrDACmd                            0x08001f29   Thumb Code    24  stm32f10x_usart.o(.text)
    USART_GetFlagStatus                      0x08001f41   Thumb Code    26  stm32f10x_usart.o(.text)
    USART_ClearFlag                          0x08001f5b   Thumb Code    18  stm32f10x_usart.o(.text)
    USART_GetITStatus                        0x08001f6d   Thumb Code    84  stm32f10x_usart.o(.text)
    USART_ClearITPendingBit                  0x08001fc1   Thumb Code    52  stm32f10x_usart.o(.text)
    main                                     0x08001ff5   Thumb Code     8  main.o(.text)
    NMI_Handler                              0x08001ffd   Thumb Code     2  stm32f10x_it.o(.text)
    HardFault_Handler                        0x08001fff   Thumb Code     4  stm32f10x_it.o(.text)
    MemManage_Handler                        0x08002003   Thumb Code     4  stm32f10x_it.o(.text)
    BusFault_Handler                         0x08002007   Thumb Code     4  stm32f10x_it.o(.text)
    UsageFault_Handler                       0x0800200b   Thumb Code     4  stm32f10x_it.o(.text)
    SVC_Handler                              0x0800200f   Thumb Code     2  stm32f10x_it.o(.text)
    DebugMon_Handler                         0x08002011   Thumb Code     2  stm32f10x_it.o(.text)
    PendSV_Handler                           0x08002013   Thumb Code     2  stm32f10x_it.o(.text)
    SysTick_Handler                          0x08002015   Thumb Code     2  stm32f10x_it.o(.text)
    LED_GPIO_Config                          0x08002019   Thumb Code   126  bsp_led.o(.text)
    BEEP_GPIO_Config                         0x0800209d   Thumb Code    50  bsp_beep.o(.text)
    Key_GPIO_Config                          0x08002113   Thumb Code   128  bsp_key.o(.text)
    EXTI0_IRQHandler                         0x08002193   Thumb Code    22  bsp_key.o(.text)
    EXTI1_IRQHandler                         0x080021a9   Thumb Code    24  bsp_key.o(.text)
    USART2_Config                            0x08002251   Thumb Code   118  bsp_usart.o(.text)
    USART3_Config                            0x080022c7   Thumb Code   124  bsp_usart.o(.text)
    UART4_Config                             0x08002343   Thumb Code   124  bsp_usart.o(.text)
    UART5_Config                             0x080023bf   Thumb Code   128  bsp_usart.o(.text)
    Usart_SendByte                           0x0800243f   Thumb Code    30  bsp_usart.o(.text)
    Usart_SendArray                          0x0800245d   Thumb Code    48  bsp_usart.o(.text)
    Usart_SendString                         0x0800248d   Thumb Code    42  bsp_usart.o(.text)
    Usart_SendHalfWord                       0x080024b7   Thumb Code    60  bsp_usart.o(.text)
    fputc                                    0x080024f3   Thumb Code    32  bsp_usart.o(.text)
    fgetc                                    0x08002513   Thumb Code    26  bsp_usart.o(.text)
    USART2_IRQHandler                        0x0800252d   Thumb Code   180  bsp_usart.o(.text)
    UART4_IRQHandler                         0x080025e1   Thumb Code   110  bsp_usart.o(.text)
    UART5_IRQHandler                         0x0800264f   Thumb Code    90  bsp_usart.o(.text)
    Delay_init                               0x080026a9   Thumb Code    50  bsp_delay.o(.text)
    Delay_us                                 0x080026db   Thumb Code    72  bsp_delay.o(.text)
    Delay_ms                                 0x08002723   Thumb Code    72  bsp_delay.o(.text)
    gui0                                     0x0800277d   Thumb Code    20  app.o(.text)
    target_a                                 0x08002791   Thumb Code   146  app.o(.text)
    target1_1_1                              0x08002823   Thumb Code     2  app.o(.text)
    target1_1_2                              0x08002825   Thumb Code     2  app.o(.text)
    target1_1_3                              0x08002827   Thumb Code     2  app.o(.text)
    target1_2_1                              0x08002829   Thumb Code     2  app.o(.text)
    target1_2_2                              0x0800282b   Thumb Code     2  app.o(.text)
    target1_3_1                              0x0800282d   Thumb Code     2  app.o(.text)
    target1_3_2                              0x0800282f   Thumb Code     2  app.o(.text)
    target1_4_1                              0x08002831   Thumb Code     2  app.o(.text)
    target2_1_1                              0x08002833   Thumb Code     2  app.o(.text)
    target2_1_2                              0x08002835   Thumb Code     2  app.o(.text)
    target2_2_1                              0x08002837   Thumb Code     2  app.o(.text)
    target2_2_2                              0x08002839   Thumb Code     2  app.o(.text)
    target2_3_1                              0x0800283b   Thumb Code     2  app.o(.text)
    target2_3_2                              0x0800283d   Thumb Code     2  app.o(.text)
    target2_4_1                              0x0800283f   Thumb Code     2  app.o(.text)
    car_init                                 0x080028b7   Thumb Code    40  app.o(.text)
    app_task0                                0x080028df   Thumb Code   192  app.o(.text)
    SERVO_TIM_Init                           0x08002afd   Thumb Code    12  servo.o(.text)
    Servo_Angle_Config                       0x08002b09   Thumb Code    78  servo.o(.text)
    Compute_Angle_and_Response               0x08002b57   Thumb Code   916  servo.o(.text)
    fc_fly                                   0x08002f91   Thumb Code    60  communication_protocol.o(.text)
    Print_flydata                            0x08002fcd   Thumb Code   194  communication_protocol.o(.text)
    FC_RecvArray_Process                     0x0800308f   Thumb Code   380  communication_protocol.o(.text)
    send_command_nano                        0x0800320b   Thumb Code    60  communication_protocol.o(.text)
    Nano_RecvArray_Process                   0x08003247   Thumb Code    86  communication_protocol.o(.text)
    Yaw_RecvArray_Process                    0x0800329d   Thumb Code   124  communication_protocol.o(.text)
    GpioRemap_init                           0x080034ed   Thumb Code    44  bsp_gpioremap.o(.text)
    Encoder_Init_TIM2                        0x0800351d   Thumb Code   212  encoder.o(.text)
    Encoder_Init_TIM3                        0x080035f1   Thumb Code   154  encoder.o(.text)
    Encoder_Init_TIM4                        0x0800368b   Thumb Code   154  encoder.o(.text)
    Encoder_Init_TIM5                        0x08003725   Thumb Code   152  encoder.o(.text)
    Read_L1Speed                             0x080037bd   Thumb Code    24  encoder.o(.text)
    Read_R1Speed                             0x080037d5   Thumb Code    26  encoder.o(.text)
    Read_L2Speed                             0x080037ef   Thumb Code    24  encoder.o(.text)
    Read_R2Speed                             0x08003807   Thumb Code    26  encoder.o(.text)
    PID_timebase_init                        0x0800383d   Thumb Code    88  pid.o(.text)
    IncPIDCalcR                              0x08003895   Thumb Code    82  pid.o(.text)
    IncPIDCalcL                              0x080038e7   Thumb Code    82  pid.o(.text)
    IncPIDCalc_L1                            0x08003939   Thumb Code    82  pid.o(.text)
    IncPIDCalc_L2                            0x0800398b   Thumb Code    92  pid.o(.text)
    IncPIDCalc_R1                            0x080039e7   Thumb Code    90  pid.o(.text)
    IncPIDCalc_R2                            0x08003a41   Thumb Code    90  pid.o(.text)
    TIM6_IRQHandler                          0x08003a9b   Thumb Code  1040  pid.o(.text)
    Motor_Init                               0x08003ed1   Thumb Code   282  motor.o(.text)
    Set_L1Speed                              0x08003feb   Thumb Code    78  motor.o(.text)
    Set_L2Speed                              0x08004039   Thumb Code    86  motor.o(.text)
    Set_R1Speed                              0x0800408f   Thumb Code    78  motor.o(.text)
    Set_R2Speed                              0x080040dd   Thumb Code    78  motor.o(.text)
    Forward                                  0x0800412b   Thumb Code    18  motor.o(.text)
    Backward                                 0x0800413d   Thumb Code    34  motor.o(.text)
    L_Translation                            0x0800415f   Thumb Code    26  motor.o(.text)
    R_Translation                            0x08004179   Thumb Code    26  motor.o(.text)
    L_Rotation                               0x08004193   Thumb Code   124  motor.o(.text)
    R_Rotation                               0x0800420f   Thumb Code   124  motor.o(.text)
    Stop                                     0x0800428b   Thumb Code   134  motor.o(.text)
    OLED_I2C_Init                            0x08004311   Thumb Code    80  oled.o(.text)
    OLED_I2C_Start                           0x08004361   Thumb Code    44  oled.o(.text)
    OLED_I2C_Stop                            0x0800438d   Thumb Code    34  oled.o(.text)
    OLED_I2C_SendByte                        0x080043af   Thumb Code    74  oled.o(.text)
    OLED_WriteCommand                        0x080043f9   Thumb Code    32  oled.o(.text)
    OLED_WriteData                           0x08004419   Thumb Code    32  oled.o(.text)
    OLED_SetCursor                           0x08004439   Thumb Code    34  oled.o(.text)
    OLED_Clear                               0x0800445b   Thumb Code    42  oled.o(.text)
    OLED_ShowChar                            0x08004485   Thumb Code   110  oled.o(.text)
    OLED_ShowString                          0x080044f3   Thumb Code    40  oled.o(.text)
    OLED_Pow                                 0x0800451b   Thumb Code    20  oled.o(.text)
    OLED_ShowNum                             0x0800452f   Thumb Code    68  oled.o(.text)
    OLED_ShowSignedNum                       0x08004573   Thumb Code   102  oled.o(.text)
    OLED_ShowHexNum                          0x080045d9   Thumb Code    84  oled.o(.text)
    OLED_ShowBinNum                          0x0800462d   Thumb Code    62  oled.o(.text)
    OLED_Init                                0x0800466b   Thumb Code   186  oled.o(.text)
    __aeabi_fadd                             0x08004725   Thumb Code   164  fadd.o(.text)
    __aeabi_fsub                             0x080047c9   Thumb Code     6  fadd.o(.text)
    __aeabi_frsub                            0x080047cf   Thumb Code     6  fadd.o(.text)
    __aeabi_fmul                             0x080047d5   Thumb Code   100  fmul.o(.text)
    __aeabi_fdiv                             0x08004839   Thumb Code   124  fdiv.o(.text)
    __aeabi_dadd                             0x080048b5   Thumb Code   322  dadd.o(.text)
    __aeabi_dsub                             0x080049f7   Thumb Code     6  dadd.o(.text)
    __aeabi_drsub                            0x080049fd   Thumb Code     6  dadd.o(.text)
    __aeabi_dmul                             0x08004a03   Thumb Code   228  dmul.o(.text)
    __aeabi_ddiv                             0x08004ae7   Thumb Code   222  ddiv.o(.text)
    __aeabi_i2f                              0x08004bc5   Thumb Code    18  fflti.o(.text)
    __aeabi_i2d                              0x08004bd7   Thumb Code    34  dflti.o(.text)
    __aeabi_f2iz                             0x08004bf9   Thumb Code    50  ffixi.o(.text)
    __aeabi_d2uiz                            0x08004c2b   Thumb Code    50  dfixui.o(.text)
    __aeabi_f2d                              0x08004c5d   Thumb Code    38  f2d.o(.text)
    __aeabi_d2f                              0x08004c83   Thumb Code    56  d2f.o(.text)
    __aeabi_cfcmpeq                          0x08004cbd   Thumb Code     0  cfcmple.o(.text)
    __aeabi_cfcmple                          0x08004cbd   Thumb Code    20  cfcmple.o(.text)
    __aeabi_cfrcmple                         0x08004cd1   Thumb Code    20  cfrcmple.o(.text)
    __aeabi_uidiv                            0x08004ce5   Thumb Code     0  uidiv.o(.text)
    __aeabi_uidivmod                         0x08004ce5   Thumb Code    44  uidiv.o(.text)
    __aeabi_uldivmod                         0x08004d11   Thumb Code    98  uldiv.o(.text)
    __aeabi_llsl                             0x08004d73   Thumb Code    30  llshl.o(.text)
    _ll_shift_l                              0x08004d73   Thumb Code     0  llshl.o(.text)
    __aeabi_llsr                             0x08004d91   Thumb Code    32  llushr.o(.text)
    _ll_ushift_r                             0x08004d91   Thumb Code     0  llushr.o(.text)
    __aeabi_lasr                             0x08004db1   Thumb Code    36  llsshr.o(.text)
    _ll_sshift_r                             0x08004db1   Thumb Code     0  llsshr.o(.text)
    __I$use$fp                               0x08004dd5   Thumb Code     0  iusefp.o(.text)
    _float_round                             0x08004dd5   Thumb Code    18  fepilogue.o(.text)
    _float_epilogue                          0x08004de7   Thumb Code    92  fepilogue.o(.text)
    _fsqrt                                   0x08004e43   Thumb Code    94  fsqrt.o(.text)
    _double_round                            0x08004ea1   Thumb Code    30  depilogue.o(.text)
    _double_epilogue                         0x08004ebf   Thumb Code   156  depilogue.o(.text)
    __ARM_scalbn                             0x08004f5b   Thumb Code    46  dscalb.o(.text)
    scalbn                                   0x08004f5b   Thumb Code     0  dscalb.o(.text)
    _dsqrt                                   0x08004f89   Thumb Code   162  dsqrt.o(.text)
    __aeabi_d2ulz                            0x0800502b   Thumb Code    48  dfixul.o(.text)
    __aeabi_cdrcmple                         0x0800505d   Thumb Code    48  cdrcmple.o(.text)
    __scatterload                            0x0800508d   Thumb Code    28  init.o(.text)
    __scatterload_rt2                        0x0800508d   Thumb Code     0  init.o(.text)
    __aeabi_ui2d                             0x080050b1   Thumb Code    26  dfltui.o(.text)
    __aeabi_d2iz                             0x080050cb   Thumb Code    62  dfixi.o(.text)
    __0printf                                0x08005109   Thumb Code    22  printfa.o(i.__0printf)
    __1printf                                0x08005109   Thumb Code     0  printfa.o(i.__0printf)
    __2printf                                0x08005109   Thumb Code     0  printfa.o(i.__0printf)
    __c89printf                              0x08005109   Thumb Code     0  printfa.o(i.__0printf)
    printf                                   0x08005109   Thumb Code     0  printfa.o(i.__0printf)
    __ARM_fpclassify                         0x08005129   Thumb Code    40  fpclassify.o(i.__ARM_fpclassify)
    __ieee754_rem_pio2                       0x08005151   Thumb Code   828  rred.o(i.__ieee754_rem_pio2)
    __kernel_cos                             0x080054d9   Thumb Code   230  cos_i.o(i.__kernel_cos)
    __kernel_poly                            0x080055d5   Thumb Code   170  poly.o(i.__kernel_poly)
    __kernel_sin                             0x08005681   Thumb Code   224  sin_i.o(i.__kernel_sin)
    __mathlib_dbl_infnan                     0x0800576d   Thumb Code     6  dunder.o(i.__mathlib_dbl_infnan)
    __mathlib_dbl_invalid                    0x08005773   Thumb Code    12  dunder.o(i.__mathlib_dbl_invalid)
    __mathlib_dbl_underflow                  0x08005781   Thumb Code    10  dunder.o(i.__mathlib_dbl_underflow)
    __scatterload_copy                       0x08005791   Thumb Code    14  handlers.o(i.__scatterload_copy)
    __scatterload_null                       0x0800579f   Thumb Code     2  handlers.o(i.__scatterload_null)
    __scatterload_zeroinit                   0x080057a1   Thumb Code    14  handlers.o(i.__scatterload_zeroinit)
    __set_errno                              0x080057b1   Thumb Code     6  errno.o(i.__set_errno)
    asin                                     0x08006071   Thumb Code   572  asin.o(i.asin)
    atan                                     0x080062e1   Thumb Code   474  atan.o(i.atan)
    cos                                      0x08006501   Thumb Code   148  cos.o(i.cos)
    sin                                      0x0800659d   Thumb Code   150  sin.o(i.sin)
    sqrt                                     0x0800663d   Thumb Code    76  sqrt.o(i.sqrt)
    sqrtf                                    0x08006689   Thumb Code    44  sqrtf.o(i.sqrtf)
    OLED_F8x16                               0x080066b4   Data        1520  oled.o(.constdata)
    Region$$Table$$Base                      0x08006eb0   Number         0  anon$$obj.o(Region$$Table)
    Region$$Table$$Limit                     0x08006ed0   Number         0  anon$$obj.o(Region$$Table)
    SystemCoreClock                          0x20000000   Data           4  system_stm32f10x.o(.data)
    AHBPrescTable                            0x20000004   Data          16  system_stm32f10x.o(.data)
    key1_val                                 0x20000028   Data           1  bsp_key.o(.data)
    key2_val                                 0x20000029   Data           1  bsp_key.o(.data)
    nano_recv_buff                           0x2000002a   Data           8  bsp_usart.o(.data)
    flag_seq_fc                              0x20000032   Data           1  bsp_usart.o(.data)
    flag_seq_nano                            0x20000033   Data           1  bsp_usart.o(.data)
    flag_seq_yaw                             0x20000034   Data           1  bsp_usart.o(.data)
    nano_data                                0x2000003a   Data           4  communication_protocol.o(.data)
    command_fc                               0x2000003e   Data           5  communication_protocol.o(.data)
    command_nano                             0x20000043   Data           5  communication_protocol.o(.data)
    mpu                                      0x20000048   Data           4  pid.o(.data)
    lflag                                    0x2000004c   Data           4  pid.o(.data)
    curAngle                                 0x20000050   Data           4  pid.o(.data)
    tarAngle                                 0x20000054   Data           4  pid.o(.data)
    curErr                                   0x20000058   Data           4  pid.o(.data)
    lastErr                                  0x2000005c   Data           4  pid.o(.data)
    iErr                                     0x20000060   Data           4  pid.o(.data)
    pidOut_L                                 0x20000064   Data           4  pid.o(.data)
    pidOut_R                                 0x20000068   Data           4  pid.o(.data)
    Angle_Kp                                 0x2000006c   Data           4  pid.o(.data)
    Angle_Ki                                 0x20000070   Data           4  pid.o(.data)
    curSp_L1                                 0x20000074   Data           4  pid.o(.data)
    curSp_L2                                 0x20000078   Data           4  pid.o(.data)
    curSp_R1                                 0x2000007c   Data           4  pid.o(.data)
    curSp_R2                                 0x20000080   Data           4  pid.o(.data)
    tarSp_L1                                 0x20000084   Data           4  pid.o(.data)
    tarSp_L2                                 0x20000088   Data           4  pid.o(.data)
    tarSp_R1                                 0x2000008c   Data           4  pid.o(.data)
    tarSp_R2                                 0x20000090   Data           4  pid.o(.data)
    curErr_L1                                0x20000094   Data           4  pid.o(.data)
    curErr_L2                                0x20000098   Data           4  pid.o(.data)
    curErr_R1                                0x2000009c   Data           4  pid.o(.data)
    curErr_R2                                0x200000a0   Data           4  pid.o(.data)
    lastErr_L1                               0x200000a4   Data           4  pid.o(.data)
    lastErr_L2                               0x200000a8   Data           4  pid.o(.data)
    lastErr_R1                               0x200000ac   Data           4  pid.o(.data)
    lastErr_R2                               0x200000b0   Data           4  pid.o(.data)
    iErr_L1                                  0x200000b4   Data           4  pid.o(.data)
    iErr_L2                                  0x200000b8   Data           4  pid.o(.data)
    iErr_R1                                  0x200000bc   Data           4  pid.o(.data)
    iErr_R2                                  0x200000c0   Data           4  pid.o(.data)
    pidOut_L1                                0x200000c4   Data           4  pid.o(.data)
    pidOut_L2                                0x200000c8   Data           4  pid.o(.data)
    pidOut_R1                                0x200000cc   Data           4  pid.o(.data)
    pidOut_R2                                0x200000d0   Data           4  pid.o(.data)
    Speed_Kp                                 0x200000d4   Data           4  pid.o(.data)
    Speed_Ki                                 0x200000d8   Data           4  pid.o(.data)
    curL1_value                              0x200000dc   Data           4  pid.o(.data)
    curL2_value                              0x200000e0   Data           4  pid.o(.data)
    curR1_value                              0x200000e4   Data           4  pid.o(.data)
    curR2_value                              0x200000e8   Data           4  pid.o(.data)
    flag_pos                                 0x200000ec   Data           4  pid.o(.data)
    flag_runpid                              0x200000f0   Data           4  pid.o(.data)
    A_j                                      0x200000f4   Data           4  pid.o(.data)
    B_j                                      0x200000f8   Data           4  pid.o(.data)
    C_j                                      0x200000fc   Data           4  pid.o(.data)
    D_j                                      0x20000100   Data           4  pid.o(.data)
    __stdout                                 0x20000108   Data           4  stdout.o(.data)
    fc_recv_buff                             0x20000110   Data          14  bsp_usart.o(.bss)
    yaw_recv_buff                            0x2000011e   Data          14  bsp_usart.o(.bss)
    fc_data                                  0x2000012c   Data          36  communication_protocol.o(.bss)
    car                                      0x20000150   Data          12  communication_protocol.o(.bss)
    __initial_sp                             0x20000560   Data           0  startup_stm32f10x_hd.o(STACK)



==============================================================================

Memory Map of the image

  Image Entry point : 0x08000131

  Load Region LR_IROM1 (Base: 0x08000000, Size: 0x00006fe0, Max: 0x00040000, ABSOLUTE)

    Execution Region ER_IROM1 (Exec base: 0x08000000, Load base: 0x08000000, Size: 0x00006ed0, Max: 0x00040000, ABSOLUTE)

    Exec Addr    Load Addr    Size         Type   Attr      Idx    E Section Name        Object

    0x08000000   0x08000000   0x00000130   Data   RO            3    RESET               startup_stm32f10x_hd.o
    0x08000130   0x08000130   0x00000000   Code   RO          771  * .ARM.Collect$$$$00000000  mc_w.l(entry.o)
    0x08000130   0x08000130   0x00000004   Code   RO         1097    .ARM.Collect$$$$00000001  mc_w.l(entry2.o)
    0x08000134   0x08000134   0x00000004   Code   RO         1100    .ARM.Collect$$$$00000004  mc_w.l(entry5.o)
    0x08000138   0x08000138   0x00000000   Code   RO         1102    .ARM.Collect$$$$00000008  mc_w.l(entry7b.o)
    0x08000138   0x08000138   0x00000000   Code   RO         1104    .ARM.Collect$$$$0000000A  mc_w.l(entry8b.o)
    0x08000138   0x08000138   0x00000008   Code   RO         1105    .ARM.Collect$$$$0000000B  mc_w.l(entry9a.o)
    0x08000140   0x08000140   0x00000000   Code   RO         1107    .ARM.Collect$$$$0000000D  mc_w.l(entry10a.o)
    0x08000140   0x08000140   0x00000000   Code   RO         1109    .ARM.Collect$$$$0000000F  mc_w.l(entry11a.o)
    0x08000140   0x08000140   0x00000004   Code   RO         1098    .ARM.Collect$$$$00002712  mc_w.l(entry2.o)
    0x08000144   0x08000144   0x00000024   Code   RO            4    .text               startup_stm32f10x_hd.o
    0x08000168   0x08000168   0x000001e0   Code   RO           24    .text               system_stm32f10x.o
    0x08000348   0x08000348   0x000000dc   Code   RO          121    .text               misc.o
    0x08000424   0x08000424   0x000000c4   Code   RO          149    .text               stm32f10x_bkp.o
    0x080004e8   0x080004e8   0x0000011c   Code   RO          233    .text               stm32f10x_exti.o
    0x08000604   0x08000604   0x0000035c   Code   RO          269    .text               stm32f10x_gpio.o
    0x08000960   0x08000960   0x000000cc   Code   RO          305    .text               stm32f10x_pwr.o
    0x08000a2c   0x08000a2c   0x000003a4   Code   RO          317    .text               stm32f10x_rcc.o
    0x08000dd0   0x08000dd0   0x00000e1a   Code   RO          367    .text               stm32f10x_tim.o
    0x08001bea   0x08001bea   0x00000002   PAD
    0x08001bec   0x08001bec   0x00000408   Code   RO          379    .text               stm32f10x_usart.o
    0x08001ff4   0x08001ff4   0x00000008   Code   RO          403    .text               main.o
    0x08001ffc   0x08001ffc   0x0000001a   Code   RO          421    .text               stm32f10x_it.o
    0x08002016   0x08002016   0x00000002   PAD
    0x08002018   0x08002018   0x00000084   Code   RO          436    .text               bsp_led.o
    0x0800209c   0x0800209c   0x00000038   Code   RO          451    .text               bsp_beep.o
    0x080020d4   0x080020d4   0x000000f8   Code   RO          466    .text               bsp_key.o
    0x080021cc   0x080021cc   0x000004dc   Code   RO          484    .text               bsp_usart.o
    0x080026a8   0x080026a8   0x000000d4   Code   RO          519    .text               bsp_delay.o
    0x0800277c   0x0800277c   0x00000254   Code   RO          536    .text               app.o
    0x080029d0   0x080029d0   0x000005c0   Code   RO          612    .text               servo.o
    0x08002f90   0x08002f90   0x0000055c   Code   RO          628    .text               communication_protocol.o
    0x080034ec   0x080034ec   0x00000030   Code   RO          647    .text               bsp_gpioremap.o
    0x0800351c   0x0800351c   0x00000320   Code   RO          659    .text               encoder.o
    0x0800383c   0x0800383c   0x00000694   Code   RO          671    .text               pid.o
    0x08003ed0   0x08003ed0   0x00000440   Code   RO          689    .text               motor.o
    0x08004310   0x08004310   0x00000414   Code   RO          701    .text               oled.o
    0x08004724   0x08004724   0x000000b0   Code   RO         1035    .text               mf_w.l(fadd.o)
    0x080047d4   0x080047d4   0x00000064   Code   RO         1037    .text               mf_w.l(fmul.o)
    0x08004838   0x08004838   0x0000007c   Code   RO         1039    .text               mf_w.l(fdiv.o)
    0x080048b4   0x080048b4   0x0000014e   Code   RO         1041    .text               mf_w.l(dadd.o)
    0x08004a02   0x08004a02   0x000000e4   Code   RO         1043    .text               mf_w.l(dmul.o)
    0x08004ae6   0x08004ae6   0x000000de   Code   RO         1045    .text               mf_w.l(ddiv.o)
    0x08004bc4   0x08004bc4   0x00000012   Code   RO         1047    .text               mf_w.l(fflti.o)
    0x08004bd6   0x08004bd6   0x00000022   Code   RO         1049    .text               mf_w.l(dflti.o)
    0x08004bf8   0x08004bf8   0x00000032   Code   RO         1051    .text               mf_w.l(ffixi.o)
    0x08004c2a   0x08004c2a   0x00000032   Code   RO         1055    .text               mf_w.l(dfixui.o)
    0x08004c5c   0x08004c5c   0x00000026   Code   RO         1057    .text               mf_w.l(f2d.o)
    0x08004c82   0x08004c82   0x00000038   Code   RO         1059    .text               mf_w.l(d2f.o)
    0x08004cba   0x08004cba   0x00000002   PAD
    0x08004cbc   0x08004cbc   0x00000014   Code   RO         1061    .text               mf_w.l(cfcmple.o)
    0x08004cd0   0x08004cd0   0x00000014   Code   RO         1063    .text               mf_w.l(cfrcmple.o)
    0x08004ce4   0x08004ce4   0x0000002c   Code   RO         1112    .text               mc_w.l(uidiv.o)
    0x08004d10   0x08004d10   0x00000062   Code   RO         1114    .text               mc_w.l(uldiv.o)
    0x08004d72   0x08004d72   0x0000001e   Code   RO         1116    .text               mc_w.l(llshl.o)
    0x08004d90   0x08004d90   0x00000020   Code   RO         1118    .text               mc_w.l(llushr.o)
    0x08004db0   0x08004db0   0x00000024   Code   RO         1120    .text               mc_w.l(llsshr.o)
    0x08004dd4   0x08004dd4   0x00000000   Code   RO         1129    .text               mc_w.l(iusefp.o)
    0x08004dd4   0x08004dd4   0x0000006e   Code   RO         1130    .text               mf_w.l(fepilogue.o)
    0x08004e42   0x08004e42   0x0000005e   Code   RO         1132    .text               mf_w.l(fsqrt.o)
    0x08004ea0   0x08004ea0   0x000000ba   Code   RO         1134    .text               mf_w.l(depilogue.o)
    0x08004f5a   0x08004f5a   0x0000002e   Code   RO         1136    .text               mf_w.l(dscalb.o)
    0x08004f88   0x08004f88   0x000000a2   Code   RO         1138    .text               mf_w.l(dsqrt.o)
    0x0800502a   0x0800502a   0x00000030   Code   RO         1140    .text               mf_w.l(dfixul.o)
    0x0800505a   0x0800505a   0x00000002   PAD
    0x0800505c   0x0800505c   0x00000030   Code   RO         1144    .text               mf_w.l(cdrcmple.o)
    0x0800508c   0x0800508c   0x00000024   Code   RO         1146    .text               mc_w.l(init.o)
    0x080050b0   0x080050b0   0x0000001a   Code   RO         1148    .text               mf_w.l(dfltui.o)
    0x080050ca   0x080050ca   0x0000003e   Code   RO         1150    .text               mf_w.l(dfixi.o)
    0x08005108   0x08005108   0x00000020   Code   RO         1007    i.__0printf         mc_w.l(printfa.o)
    0x08005128   0x08005128   0x00000028   Code   RO         1082    i.__ARM_fpclassify  m_ws.l(fpclassify.o)
    0x08005150   0x08005150   0x00000388   Code   RO         1086    i.__ieee754_rem_pio2  m_ws.l(rred.o)
    0x080054d8   0x080054d8   0x000000fc   Code   RO         1065    i.__kernel_cos      m_ws.l(cos_i.o)
    0x080055d4   0x080055d4   0x000000aa   Code   RO         1084    i.__kernel_poly     m_ws.l(poly.o)
    0x0800567e   0x0800567e   0x00000002   PAD
    0x08005680   0x08005680   0x000000ec   Code   RO         1091    i.__kernel_sin      m_ws.l(sin_i.o)
    0x0800576c   0x0800576c   0x00000006   Code   RO         1069    i.__mathlib_dbl_infnan  m_ws.l(dunder.o)
    0x08005772   0x08005772   0x0000000c   Code   RO         1071    i.__mathlib_dbl_invalid  m_ws.l(dunder.o)
    0x0800577e   0x0800577e   0x00000002   PAD
    0x08005780   0x08005780   0x00000010   Code   RO         1074    i.__mathlib_dbl_underflow  m_ws.l(dunder.o)
    0x08005790   0x08005790   0x0000000e   Code   RO         1154    i.__scatterload_copy  mc_w.l(handlers.o)
    0x0800579e   0x0800579e   0x00000002   Code   RO         1155    i.__scatterload_null  mc_w.l(handlers.o)
    0x080057a0   0x080057a0   0x0000000e   Code   RO         1156    i.__scatterload_zeroinit  mc_w.l(handlers.o)
    0x080057ae   0x080057ae   0x00000002   PAD
    0x080057b0   0x080057b0   0x0000000c   Code   RO         1124    i.__set_errno       mc_w.l(errno.o)
    0x080057bc   0x080057bc   0x00000184   Code   RO         1014    i._fp_digits        mc_w.l(printfa.o)
    0x08005940   0x08005940   0x000006dc   Code   RO         1015    i._printf_core      mc_w.l(printfa.o)
    0x0800601c   0x0800601c   0x00000024   Code   RO         1016    i._printf_post_padding  mc_w.l(printfa.o)
    0x08006040   0x08006040   0x0000002e   Code   RO         1017    i._printf_pre_padding  mc_w.l(printfa.o)
    0x0800606e   0x0800606e   0x00000002   PAD
    0x08006070   0x08006070   0x00000270   Code   RO          720    i.asin              m_ws.l(asin.o)
    0x080062e0   0x080062e0   0x00000220   Code   RO          730    i.atan              m_ws.l(atan.o)
    0x08006500   0x08006500   0x0000009c   Code   RO          740    i.cos               m_ws.l(cos.o)
    0x0800659c   0x0800659c   0x000000a0   Code   RO          748    i.sin               m_ws.l(sin.o)
    0x0800663c   0x0800663c   0x0000004c   Code   RO          756    i.sqrt              m_ws.l(sqrt.o)
    0x08006688   0x08006688   0x0000002c   Code   RO          764    i.sqrtf             m_ws.l(sqrtf.o)
    0x080066b4   0x080066b4   0x000005f0   Data   RO          702    .constdata          oled.o
    0x08006ca4   0x08006ca4   0x00000004   PAD
    0x08006ca8   0x08006ca8   0x00000050   Data   RO          721    .constdata          m_ws.l(asin.o)
    0x08006cf8   0x08006cf8   0x00000098   Data   RO          731    .constdata          m_ws.l(atan.o)
    0x08006d90   0x08006d90   0x00000030   Data   RO         1066    .constdata          m_ws.l(cos_i.o)
    0x08006dc0   0x08006dc0   0x000000c8   Data   RO         1088    .constdata          m_ws.l(rred.o)
    0x08006e88   0x08006e88   0x00000028   Data   RO         1092    .constdata          m_ws.l(sin_i.o)
    0x08006eb0   0x08006eb0   0x00000020   Data   RO         1152    Region$$Table       anon$$obj.o


    Execution Region RW_IRAM1 (Exec base: 0x20000000, Load base: 0x08006ed0, Size: 0x00000560, Max: 0x0000c000, ABSOLUTE)

    Exec Addr    Load Addr    Size         Type   Attr      Idx    E Section Name        Object

    0x20000000   0x08006ed0   0x00000014   Data   RW           25    .data               system_stm32f10x.o
    0x20000014   0x08006ee4   0x00000014   Data   RW          318    .data               stm32f10x_rcc.o
    0x20000028   0x08006ef8   0x00000002   Data   RW          467    .data               bsp_key.o
    0x2000002a   0x08006efa   0x0000000b   Data   RW          486    .data               bsp_usart.o
    0x20000035   0x08006f05   0x00000001   PAD
    0x20000036   0x08006f06   0x00000004   Data   RW          520    .data               bsp_delay.o
    0x2000003a   0x08006f0a   0x0000000e   Data   RW          630    .data               communication_protocol.o
    0x20000048   0x08006f18   0x000000c0   Data   RW          672    .data               pid.o
    0x20000108   0x08006fd8   0x00000004   Data   RW         1111    .data               mc_w.l(stdout.o)
    0x2000010c   0x08006fdc   0x00000004   Data   RW         1125    .data               mc_w.l(errno.o)
    0x20000110        -       0x0000001c   Zero   RW          485    .bss                bsp_usart.o
    0x2000012c        -       0x00000030   Zero   RW          629    .bss                communication_protocol.o
    0x2000015c   0x08006fe0   0x00000004   PAD
    0x20000160        -       0x00000400   Zero   RW            1    STACK               startup_stm32f10x_hd.o


==============================================================================

Image component sizes


      Code (inc. data)   RO Data    RW Data    ZI Data      Debug   Object Name

       596         50          0          0          0       2523   app.o
        56          6          0          0          0        523   bsp_beep.o
       212         18          0          4          0       1079   bsp_delay.o
        48          4          0          0          0        513   bsp_gpioremap.o
       248         12          0          2          0       1324   bsp_key.o
       132          6          0          0          0        562   bsp_led.o
      1244         66          0         11         28       6518   bsp_usart.o
      1372        468          0         14         48       4327   communication_protocol.o
         0          0          0          0          0       4500   core_cm3.o
       800         28          0          0          0       2314   encoder.o
         8          0          0          0          0        443   main.o
       220         22          0          0          0       1845   misc.o
      1088         56          0          0          0       2841   motor.o
      1044         12       1520          0          0       5116   oled.o
      1684        198          0        192          0       3873   pid.o
      1472        210          0          0          0       2291   servo.o
        36          8        304          0       1024        880   startup_stm32f10x_hd.o
       196          8          0          0          0       3544   stm32f10x_bkp.o
       284         10          0          0          0       2303   stm32f10x_exti.o
       860         38          0          0          0       5777   stm32f10x_gpio.o
        26          0          0          0          0       1226   stm32f10x_it.o
       204         14          0          0          0       1971   stm32f10x_pwr.o
       932         36          0         20          0       8976   stm32f10x_rcc.o
      3610         88          0          0          0      22888   stm32f10x_tim.o
      1032         22          0          0          0       8504   stm32f10x_usart.o
       480         38          0         20          0     252627   system_stm32f10x.o

    ----------------------------------------------------------------------
     17888       1418       1860        264       1104     349288   Object Totals
         0          0         32          0          0          0   (incl. Generated)
         4          0          4          1          4          0   (incl. Padding)

    ----------------------------------------------------------------------

      Code (inc. data)   RO Data    RW Data    ZI Data      Debug   Library Member Name

       624         52         80          0          0        168   asin.o
       544         70        152          0          0        124   atan.o
       156          8          0          0          0        104   cos.o
       252         22         48          0          0        124   cos_i.o
        34          6          0          0          0        204   dunder.o
        40          0          0          0          0         68   fpclassify.o
       170          0          0          0          0         96   poly.o
       904         76        200          0          0        140   rred.o
       160         10          0          0          0        108   sin.o
       236         12         40          0          0        128   sin_i.o
        76          0          0          0          0         84   sqrt.o
        44          0          0          0          0         80   sqrtf.o
         0          0          0          0          0          0   entry.o
         0          0          0          0          0          0   entry10a.o
         0          0          0          0          0          0   entry11a.o
         8          4          0          0          0          0   entry2.o
         4          0          0          0          0          0   entry5.o
         0          0          0          0          0          0   entry7b.o
         0          0          0          0          0          0   entry8b.o
         8          4          0          0          0          0   entry9a.o
        12          6          0          4          0         68   errno.o
        30          0          0          0          0          0   handlers.o
        36          8          0          0          0         68   init.o
         0          0          0          0          0          0   iusefp.o
        30          0          0          0          0         68   llshl.o
        36          0          0          0          0         68   llsshr.o
        32          0          0          0          0         68   llushr.o
      2258         90          0          0          0        452   printfa.o
         0          0          0          4          0          0   stdout.o
        44          0          0          0          0         80   uidiv.o
        98          0          0          0          0         92   uldiv.o
        48          0          0          0          0         68   cdrcmple.o
        20          0          0          0          0         68   cfcmple.o
        20          0          0          0          0         68   cfrcmple.o
        56          0          0          0          0         88   d2f.o
       334          0          0          0          0        148   dadd.o
       222          0          0          0          0        100   ddiv.o
       186          0          0          0          0        176   depilogue.o
        62          0          0          0          0         80   dfixi.o
        50          0          0          0          0         76   dfixui.o
        48          0          0          0          0         68   dfixul.o
        34          0          0          0          0         76   dflti.o
        26          0          0          0          0         76   dfltui.o
       228          0          0          0          0         96   dmul.o
        46          0          0          0          0         80   dscalb.o
       162          0          0          0          0        100   dsqrt.o
        38          0          0          0          0         68   f2d.o
       176          0          0          0          0        140   fadd.o
       124          0          0          0          0         88   fdiv.o
       110          0          0          0          0        168   fepilogue.o
        50          0          0          0          0         68   ffixi.o
        18          0          0          0          0         68   fflti.o
       100          0          0          0          0         76   fmul.o
        94          0          0          0          0         96   fsqrt.o

    ----------------------------------------------------------------------
      8100        368        520          8          0       4532   Library Totals
        12          0          0          0          0          0   (incl. Padding)

    ----------------------------------------------------------------------

      Code (inc. data)   RO Data    RW Data    ZI Data      Debug   Library Name

      3240        256        520          0          0       1428   m_ws.l
      2596        112          0          8          0        964   mc_w.l
      2252          0          0          0          0       2140   mf_w.l

    ----------------------------------------------------------------------
      8100        368        520          8          0       4532   Library Totals

    ----------------------------------------------------------------------

==============================================================================


      Code (inc. data)   RO Data    RW Data    ZI Data      Debug   

     25988       1786       2380        272       1104     349396   Grand Totals
     25988       1786       2380        272       1104     349396   ELF Image Totals
     25988       1786       2380        272          0          0   ROM Totals

==============================================================================

    Total RO  Size (Code + RO Data)                28368 (  27.70kB)
    Total RW  Size (RW Data + ZI Data)              1376 (   1.34kB)
    Total ROM Size (Code + RO Data + RW Data)      28640 (  27.97kB)

==============================================================================

